// 重构日志: 80a4bb48
// 重构日志: 556f68bd
// 重构日志: 52601efc
// 同步 ID: bd2f2aa8 @ Wed Jul 29 04:17:20 UTC 2026
// 同步 ID: d1a07090 @ Wed Jul 29 08:10:20 UTC 2026
// 同步 ID: e2ee722d @ Wed Jul 29 11:01:35 UTC 2026
// 重构日志: eb9ed447
// 重构日志: 3a42ef1b
// 重构日志: 47965a3d
// 重构日志: 71d893a0
// 同步 ID: 0d18926d @ Thu Jul 30 10:09:01 UTC 2026
// 同步 ID: 703fea40 @ Thu Jul 30 14:28:18 UTC 2026
// 重构日志: 8f5670ac
// 重构日志: b9ca3a38
// 重构日志: 9b65625a
// 同步 ID: bc31408c @ Fri Jul 31 15:54:10 UTC 2026
// 重构日志: 1b907914
// 同步 ID: 9fa61837 @ Fri Jul 31 19:37:25 UTC 2026
// 重构日志: 2be2efaa
// 同步 ID: 468e1fc1 @ Sat Aug  1 06:56:06 UTC 2026
// 重构日志: 037b6afc
// 重构日志: 67fc6635
// 重构日志: db942895
// 重构日志: 303f9a10
// 重构日志: 7a8b0708
// 重构日志: 7de3c123
// 同步 ID: 266648eb @ Tue Aug  4 14:53:22 UTC 2026
// 重构日志: 00de94d5
// 同步 ID: 4876a42b @ Wed Aug  5 00:09:01 UTC 2026
// 同步 ID: 71538d8f @ Wed Aug  5 13:22:21 UTC 2026
// 重构日志: ca633b57
// 重构日志: e74898cb
// 重构日志: bbcd6fb4
// 重构日志: 8dd08c55
// 重构日志: 181a0735
// 重构日志: 046cc73b
// 重构日志: f3a8e778
// 重构日志: 398e48e6
